// Vitest Snapshot v1, https://vitest.dev/guide/snapshot.html

exports[`SFrom > rtl render > component should be rendered correctly in RTL direction 1`] = `
<form
  class="ant-form ant-form-vertical ant-form-rtl css-dev-only-do-not-override-3rel02 sd-form"
>
  <div
    class="ant-row ant-row-rtl css-dev-only-do-not-override-3rel02"
    style="margin-left: -12px; margin-right: -12px; row-gap: 16px;"
  />
</form>
`;

exports[`SFrom > rtl render > component should be rendered correctly in RTL direction 2`] = `
<div
  class="ant-form-item css-dev-only-do-not-override-3rel02"
>
  <div
    class="ant-row ant-row-rtl ant-form-item-row css-dev-only-do-not-override-3rel02"
  >
    <div
      class="ant-col ant-form-item-control ant-col-rtl css-dev-only-do-not-override-3rel02"
    >
      <div
        class="ant-form-item-control-input"
      >
        <div
          class="ant-form-item-control-input-content"
        >
          <span
            class="ant-input-affix-wrapper ant-input-affix-wrapper-rtl css-dev-only-do-not-override-3rel02 ant-input-outlined"
          >
            <input
              class="ant-input ant-input-rtl css-dev-only-do-not-override-3rel02"
              placeholder="请输入"
              type="text"
              value=""
            />
            <span
              class="ant-input-suffix"
            >
              <span
                class="ant-input-clear-icon ant-input-clear-icon-hidden"
                role="button"
                tabindex="-1"
              >
                <span
                  aria-label="close-circle"
                  class="anticon anticon-close-circle"
                  role="img"
                >
                  <svg
                    aria-hidden="true"
                    data-icon="close-circle"
                    fill="currentColor"
                    fill-rule="evenodd"
                    focusable="false"
                    height="1em"
                    viewBox="64 64 896 896"
                    width="1em"
                  >
                    <path
                      d="M512 64c247.4 0 448 200.6 448 448S759.4 960 512 960 64 759.4 64 512 264.6 64 512 64zm127.98 274.82h-.04l-.08.06L512 466.75 384.14 338.88c-.04-.05-.06-.06-.08-.06a.12.12 0 00-.07 0c-.03 0-.05.01-.09.05l-45.02 45.02a.2.2 0 00-.05.09.12.12 0 000 .07v.02a.27.27 0 00.06.06L466.75 512 338.88 639.86c-.05.04-.06.06-.06.08a.12.12 0 000 .07c0 .03.01.05.05.09l45.02 45.02a.2.2 0 00.09.05.12.12 0 00.07 0c.02 0 .04-.01.08-.05L512 557.25l127.86 127.87c.04.04.06.05.08.05a.12.12 0 00.07 0c.03 0 .05-.01.09-.05l45.02-45.02a.2.2 0 00.05-.09.12.12 0 000-.07v-.02a.27.27 0 00-.05-.06L557.25 512l127.87-127.86c.04-.04.05-.06.05-.08a.12.12 0 000-.07c0-.03-.01-.05-.05-.09l-45.02-45.02a.2.2 0 00-.09-.05.12.12 0 00-.07 0z"
                    />
                  </svg>
                </span>
              </span>
            </span>
          </span>
        </div>
      </div>
    </div>
  </div>
</div>
`;

exports[`SFrom > rtl render > component should be rendered correctly in RTL direction 3`] = `
<form
  class="ant-form ant-form-vertical ant-form-rtl css-dev-only-do-not-override-3rel02"
/>
`;

exports[`SFrom > rtl render > component should be rendered correctly in RTL direction 4`] = `
<div
  class="ant-card ant-card-bordered ant-card-rtl css-dev-only-do-not-override-3rel02"
  style="margin-bottom: 16px; padding: 16px 24px; border-radius: 8px;"
>
  <div
    class="ant-card-body"
    style="padding: 0px;"
  >
    <form
      class="ant-form ant-form-horizontal ant-form-rtl css-dev-only-do-not-override-3rel02"
    >
      <div
        class="ant-row ant-row-middle ant-row-rtl css-dev-only-do-not-override-3rel02"
        style="margin-left: -12px; margin-right: -12px; row-gap: 16px;"
      >
        <div
          class="ant-col ant-col-8 ant-col-offset-16 ant-col-rtl css-dev-only-do-not-override-3rel02"
          style="padding-left: 12px; padding-right: 12px;"
        >
          <div>
            <div
              class="acss-1bvc4cc"
            >
              <div
                class="ant-space css-dev-only-do-not-override-3rel02 ant-space-horizontal ant-space-rtl ant-space-align-center ant-space-gap-row-small ant-space-gap-col-small"
                style="column-gap: 12px;"
              >
                <div
                  class="ant-space-item"
                >
                  <button
                    class="ant-btn css-dev-only-do-not-override-3rel02 ant-btn-default ant-btn-rtl"
                    type="reset"
                  >
                    <span>
                      重 置
                    </span>
                  </button>
                </div>
                <div
                  class="ant-space-item"
                >
                  <button
                    class="ant-btn css-dev-only-do-not-override-3rel02 ant-btn-primary ant-btn-rtl"
                    type="submit"
                  >
                    <span>
                      查 询
                    </span>
                  </button>
                </div>
              </div>
            </div>
          </div>
        </div>
      </div>
    </form>
  </div>
</div>
`;

exports[`SFrom > should support Items config 1`] = `
<div>
  <form
    class="ant-form ant-form-vertical css-dev-only-do-not-override-3rel02 sd-form"
  >
    <div
      class="ant-row css-dev-only-do-not-override-3rel02"
      style="margin-left: -12px; margin-right: -12px; row-gap: 16px;"
    >
      <div
        class="ant-col ant-col-24 css-dev-only-do-not-override-3rel02"
        style="padding-left: 12px; padding-right: 12px;"
      >
        <div
          class="ant-form-item css-dev-only-do-not-override-3rel02"
        >
          <div
            class="ant-row ant-form-item-row css-dev-only-do-not-override-3rel02"
          >
            <div
              class="ant-col ant-form-item-label css-dev-only-do-not-override-3rel02"
            >
              <label
                class="ant-form-item-no-colon"
                for="name"
                title="姓名"
              >
                姓名
              </label>
            </div>
            <div
              class="ant-col ant-form-item-control css-dev-only-do-not-override-3rel02"
            >
              <div
                class="ant-form-item-control-input"
              >
                <div
                  class="ant-form-item-control-input-content"
                >
                  <span
                    class="ant-input-affix-wrapper css-dev-only-do-not-override-3rel02 ant-input-outlined"
                  >
                    <input
                      class="ant-input css-dev-only-do-not-override-3rel02"
                      id="name"
                      placeholder="请输入"
                      type="text"
                      value=""
                    />
                    <span
                      class="ant-input-suffix"
                    >
                      <span
                        class="ant-input-clear-icon ant-input-clear-icon-hidden"
                        role="button"
                        tabindex="-1"
                      >
                        <span
                          aria-label="close-circle"
                          class="anticon anticon-close-circle"
                          role="img"
                        >
                          <svg
                            aria-hidden="true"
                            data-icon="close-circle"
                            fill="currentColor"
                            fill-rule="evenodd"
                            focusable="false"
                            height="1em"
                            viewBox="64 64 896 896"
                            width="1em"
                          >
                            <path
                              d="M512 64c247.4 0 448 200.6 448 448S759.4 960 512 960 64 759.4 64 512 264.6 64 512 64zm127.98 274.82h-.04l-.08.06L512 466.75 384.14 338.88c-.04-.05-.06-.06-.08-.06a.12.12 0 00-.07 0c-.03 0-.05.01-.09.05l-45.02 45.02a.2.2 0 00-.05.09.12.12 0 000 .07v.02a.27.27 0 00.06.06L466.75 512 338.88 639.86c-.05.04-.06.06-.06.08a.12.12 0 000 .07c0 .03.01.05.05.09l45.02 45.02a.2.2 0 00.09.05.12.12 0 00.07 0c.02 0 .04-.01.08-.05L512 557.25l127.86 127.87c.04.04.06.05.08.05a.12.12 0 00.07 0c.03 0 .05-.01.09-.05l45.02-45.02a.2.2 0 00.05-.09.12.12 0 000-.07v-.02a.27.27 0 00-.05-.06L557.25 512l127.87-127.86c.04-.04.05-.06.05-.08a.12.12 0 000-.07c0-.03-.01-.05-.05-.09l-45.02-45.02a.2.2 0 00-.09-.05.12.12 0 00-.07 0z"
                            />
                          </svg>
                        </span>
                      </span>
                    </span>
                  </span>
                </div>
              </div>
            </div>
          </div>
        </div>
      </div>
      <div
        class="ant-col ant-col-24 css-dev-only-do-not-override-3rel02"
        style="padding-left: 12px; padding-right: 12px;"
      >
        <div
          class="ant-form-item css-dev-only-do-not-override-3rel02"
        >
          <div
            class="ant-row ant-form-item-row css-dev-only-do-not-override-3rel02"
          >
            <div
              class="ant-col ant-form-item-label css-dev-only-do-not-override-3rel02"
            >
              <label
                class="ant-form-item-no-colon"
                for="age"
                title="年龄"
              >
                年龄
              </label>
            </div>
            <div
              class="ant-col ant-form-item-control css-dev-only-do-not-override-3rel02"
            >
              <div
                class="ant-form-item-control-input"
              >
                <div
                  class="ant-form-item-control-input-content"
                >
                  <span
                    class="ant-input-affix-wrapper css-dev-only-do-not-override-3rel02 ant-input-outlined"
                  >
                    <input
                      class="ant-input css-dev-only-do-not-override-3rel02"
                      id="age"
                      placeholder="请输入"
                      type="text"
                      value=""
                    />
                    <span
                      class="ant-input-suffix"
                    >
                      <span
                        class="ant-input-clear-icon ant-input-clear-icon-hidden"
                        role="button"
                        tabindex="-1"
                      >
                        <span
                          aria-label="close-circle"
                          class="anticon anticon-close-circle"
                          role="img"
                        >
                          <svg
                            aria-hidden="true"
                            data-icon="close-circle"
                            fill="currentColor"
                            fill-rule="evenodd"
                            focusable="false"
                            height="1em"
                            viewBox="64 64 896 896"
                            width="1em"
                          >
                            <path
                              d="M512 64c247.4 0 448 200.6 448 448S759.4 960 512 960 64 759.4 64 512 264.6 64 512 64zm127.98 274.82h-.04l-.08.06L512 466.75 384.14 338.88c-.04-.05-.06-.06-.08-.06a.12.12 0 00-.07 0c-.03 0-.05.01-.09.05l-45.02 45.02a.2.2 0 00-.05.09.12.12 0 000 .07v.02a.27.27 0 00.06.06L466.75 512 338.88 639.86c-.05.04-.06.06-.06.08a.12.12 0 000 .07c0 .03.01.05.05.09l45.02 45.02a.2.2 0 00.09.05.12.12 0 00.07 0c.02 0 .04-.01.08-.05L512 557.25l127.86 127.87c.04.04.06.05.08.05a.12.12 0 00.07 0c.03 0 .05-.01.09-.05l45.02-45.02a.2.2 0 00.05-.09.12.12 0 000-.07v-.02a.27.27 0 00-.05-.06L557.25 512l127.87-127.86c.04-.04.05-.06.05-.08a.12.12 0 000-.07c0-.03-.01-.05-.05-.09l-45.02-45.02a.2.2 0 00-.09-.05.12.12 0 00-.07 0z"
                            />
                          </svg>
                        </span>
                      </span>
                    </span>
                  </span>
                </div>
              </div>
            </div>
          </div>
        </div>
      </div>
    </div>
  </form>
</div>
`;

exports[`SFrom > should support children 1`] = `
<div>
  <form
    class="ant-form ant-form-vertical css-dev-only-do-not-override-3rel02 sd-form"
  >
    <div
      class="ant-row css-dev-only-do-not-override-3rel02"
      style="margin-left: -12px; margin-right: -12px; row-gap: 16px;"
    />
    <div
      class="ant-form-item css-dev-only-do-not-override-3rel02"
    >
      <div
        class="ant-row ant-form-item-row css-dev-only-do-not-override-3rel02"
      >
        <div
          class="ant-col ant-form-item-label css-dev-only-do-not-override-3rel02"
        >
          <label
            class="ant-form-item-no-colon"
            for="name"
            title="姓名"
          >
            姓名
          </label>
        </div>
        <div
          class="ant-col ant-form-item-control css-dev-only-do-not-override-3rel02"
        >
          <div
            class="ant-form-item-control-input"
          >
            <div
              class="ant-form-item-control-input-content"
            >
              <input
                id="name"
                value=""
              />
            </div>
          </div>
        </div>
      </div>
    </div>
  </form>
</div>
`;

exports[`SFrom > should support readonly 1`] = `
<div>
  <form
    class="ant-form ant-form-vertical css-dev-only-do-not-override-3rel02 sd-form"
  >
    <div
      class="ant-row css-dev-only-do-not-override-3rel02"
      style="margin-left: -12px; margin-right: -12px; row-gap: 16px;"
    />
    <div
      class="ant-form-item css-dev-only-do-not-override-3rel02"
    >
      <div
        class="ant-row ant-form-item-row css-dev-only-do-not-override-3rel02"
      >
        <div
          class="ant-col ant-form-item-label css-dev-only-do-not-override-3rel02"
        >
          <label
            class="ant-form-item-no-colon"
            for="name"
            title="姓名"
          >
            姓名
          </label>
        </div>
        <div
          class="ant-col ant-form-item-control css-dev-only-do-not-override-3rel02"
        >
          <div
            class="ant-form-item-control-input"
          >
            <div
              class="ant-form-item-control-input-content"
            >
              <input
                id="name"
                value=""
              />
            </div>
          </div>
        </div>
      </div>
    </div>
  </form>
</div>
`;
