// Vitest Snapshot v1, https://vitest.dev/guide/snapshot.html

exports[`SForm.Search > should  support config dynamicColumns with showExpand true 1`] = `
<div>
  <div
    class="ant-card ant-card-bordered css-dev-only-do-not-override-3rel02"
    style="margin-bottom: 16px; padding: 16px 24px; border-radius: 8px;"
  >
    <div
      class="ant-card-body"
      style="padding: 0px;"
    >
      <form
        class="ant-form ant-form-horizontal css-dev-only-do-not-override-3rel02"
      >
        <div
          class="ant-row ant-row-middle css-dev-only-do-not-override-3rel02"
          style="margin-left: -12px; margin-right: -12px; row-gap: 16px;"
        >
          <div
            class="ant-col ant-col-8 css-dev-only-do-not-override-3rel02"
            style="padding-left: 12px; padding-right: 12px;"
          >
            <div
              class="ant-form-item css-dev-only-do-not-override-3rel02"
              style="margin-bottom: 0px;"
            >
              <div
                class="ant-row ant-form-item-row css-dev-only-do-not-override-3rel02"
              >
                <div
                  class="ant-col ant-form-item-label css-dev-only-do-not-override-3rel02"
                >
                  <label
                    class="ant-form-item-no-colon"
                    for="key"
                    title="查询输入框"
                  >
                    查询输入框
                  </label>
                </div>
                <div
                  class="ant-col ant-form-item-control css-dev-only-do-not-override-3rel02"
                >
                  <div
                    class="ant-form-item-control-input"
                  >
                    <div
                      class="ant-form-item-control-input-content"
                    >
                      <span
                        class="ant-input-affix-wrapper css-dev-only-do-not-override-3rel02 ant-input-outlined"
                      >
                        <input
                          class="ant-input css-dev-only-do-not-override-3rel02"
                          id="key"
                          placeholder="请输入"
                          type="text"
                          value=""
                        />
                        <span
                          class="ant-input-suffix"
                        >
                          <span
                            class="ant-input-clear-icon ant-input-clear-icon-hidden"
                            role="button"
                            tabindex="-1"
                          >
                            <span
                              aria-label="close-circle"
                              class="anticon anticon-close-circle"
                              role="img"
                            >
                              <svg
                                aria-hidden="true"
                                data-icon="close-circle"
                                fill="currentColor"
                                fill-rule="evenodd"
                                focusable="false"
                                height="1em"
                                viewBox="64 64 896 896"
                                width="1em"
                              >
                                <path
                                  d="M512 64c247.4 0 448 200.6 448 448S759.4 960 512 960 64 759.4 64 512 264.6 64 512 64zm127.98 274.82h-.04l-.08.06L512 466.75 384.14 338.88c-.04-.05-.06-.06-.08-.06a.12.12 0 00-.07 0c-.03 0-.05.01-.09.05l-45.02 45.02a.2.2 0 00-.05.09.12.12 0 000 .07v.02a.27.27 0 00.06.06L466.75 512 338.88 639.86c-.05.04-.06.06-.06.08a.12.12 0 000 .07c0 .03.01.05.05.09l45.02 45.02a.2.2 0 00.09.05.12.12 0 00.07 0c.02 0 .04-.01.08-.05L512 557.25l127.86 127.87c.04.04.06.05.08.05a.12.12 0 00.07 0c.03 0 .05-.01.09-.05l45.02-45.02a.2.2 0 00.05-.09.12.12 0 000-.07v-.02a.27.27 0 00-.05-.06L557.25 512l127.87-127.86c.04-.04.05-.06.05-.08a.12.12 0 000-.07c0-.03-.01-.05-.05-.09l-45.02-45.02a.2.2 0 00-.09-.05.12.12 0 00-.07 0z"
                                />
                              </svg>
                            </span>
                          </span>
                        </span>
                      </span>
                    </div>
                  </div>
                </div>
              </div>
            </div>
          </div>
          <div
            class="ant-col ant-col-8 css-dev-only-do-not-override-3rel02"
            style="padding-left: 12px; padding-right: 12px;"
          >
            <div
              class="ant-form-item css-dev-only-do-not-override-3rel02"
              style="margin-bottom: 0px;"
            >
              <div
                class="ant-row ant-form-item-row css-dev-only-do-not-override-3rel02"
              >
                <div
                  class="ant-col ant-form-item-label css-dev-only-do-not-override-3rel02"
                >
                  <label
                    class="ant-form-item-no-colon"
                    for="key1"
                    title="查询下拉框"
                  >
                    查询下拉框
                  </label>
                </div>
                <div
                  class="ant-col ant-form-item-control css-dev-only-do-not-override-3rel02"
                >
                  <div
                    class="ant-form-item-control-input"
                  >
                    <div
                      class="ant-form-item-control-input-content"
                    >
                      <div
                        class="ant-select ant-select-outlined ant-select-in-form-item css-dev-only-do-not-override-3rel02 ant-select-single ant-select-allow-clear ant-select-show-arrow"
                      >
                        <div
                          class="ant-select-selector"
                        >
                          <span
                            class="ant-select-selection-search"
                          >
                            <input
                              aria-autocomplete="list"
                              aria-controls="key1_list"
                              aria-expanded="false"
                              aria-haspopup="listbox"
                              aria-owns="key1_list"
                              autocomplete="off"
                              class="ant-select-selection-search-input"
                              id="key1"
                              readonly=""
                              role="combobox"
                              style="opacity: 0;"
                              type="search"
                              unselectable="on"
                              value=""
                            />
                          </span>
                          <span
                            class="ant-select-selection-placeholder"
                          >
                            请选择
                          </span>
                        </div>
                        <span
                          aria-hidden="true"
                          class="ant-select-arrow"
                          style="user-select: none;"
                          unselectable="on"
                        >
                          <span
                            aria-label="down"
                            class="anticon anticon-down ant-select-suffix"
                            role="img"
                          >
                            <svg
                              aria-hidden="true"
                              data-icon="down"
                              fill="currentColor"
                              focusable="false"
                              height="1em"
                              viewBox="64 64 896 896"
                              width="1em"
                            >
                              <path
                                d="M884 256h-75c-5.1 0-9.9 2.5-12.9 6.6L512 654.2 227.9 262.6c-3-4.1-7.8-6.6-12.9-6.6h-75c-6.5 0-10.3 7.4-6.5 12.7l352.6 486.1c12.8 17.6 39 17.6 51.7 0l352.6-486.1c3.9-5.3.1-12.7-6.4-12.7z"
                              />
                            </svg>
                          </span>
                        </span>
                      </div>
                    </div>
                  </div>
                </div>
              </div>
            </div>
          </div>
          <div
            class="ant-col ant-col-8 css-dev-only-do-not-override-3rel02"
            style="padding-left: 12px; padding-right: 12px;"
          >
            <div>
              <div
                class="acss-1bvc4cc"
              >
                <div
                  class="ant-space css-dev-only-do-not-override-3rel02 ant-space-horizontal ant-space-align-center ant-space-gap-row-small ant-space-gap-col-small"
                  style="column-gap: 12px;"
                >
                  <div
                    class="ant-space-item"
                  >
                    <button
                      class="ant-btn css-dev-only-do-not-override-3rel02 ant-btn-link"
                      style="font-size: 14px; padding: 4px 0px;"
                      type="button"
                    >
                      <span>
                        展开
                      </span>
                      <span
                        aria-label="caret-down"
                        class="anticon anticon-caret-down"
                        role="img"
                      >
                        <svg
                          aria-hidden="true"
                          data-icon="caret-down"
                          fill="currentColor"
                          focusable="false"
                          height="1em"
                          viewBox="0 0 1024 1024"
                          width="1em"
                        >
                          <path
                            d="M840.4 300H183.6c-19.7 0-30.7 20.8-18.5 35l328.4 380.8c9.4 10.9 27.5 10.9 37 0L858.9 335c12.2-14.2 1.2-35-18.5-35z"
                          />
                        </svg>
                      </span>
                    </button>
                  </div>
                  <div
                    class="ant-space-item"
                  >
                    <button
                      class="ant-btn css-dev-only-do-not-override-3rel02 ant-btn-default"
                      type="reset"
                    >
                      <span>
                        重 置
                      </span>
                    </button>
                  </div>
                  <div
                    class="ant-space-item"
                  >
                    <button
                      class="ant-btn css-dev-only-do-not-override-3rel02 ant-btn-primary"
                      type="submit"
                    >
                      <span>
                        查 询
                      </span>
                    </button>
                  </div>
                </div>
              </div>
            </div>
          </div>
        </div>
      </form>
    </div>
  </div>
</div>
`;
